SQL> SET ECHO ON
SQL> SET FEEDBACK ON
SQL> SET LINESIZE 300
SQL> SET PAGESIZE 300
SQL> 
SQL> 
SQL> /* ~~~~~~~~~~~~~~~~~~~~~~~~~~~~~~~~~~~~~~~~~~~~~~~~~~~~~~~~~~~~~~~~~~~~~~~~~~~~~~~~~~~~~~~~~ */
SQL> /* ~~~~~~~~~~~~~~~~~~~~~~~~~~~~~~~~~~~~~~~~~~~~~~~~~~~~~~~~~~~~~~~~~~~~~~~~~~~~~~~~~~~~~~~~~
SQL>   Assignment 1
SQL>   Task 1
SQL>   Part 1
SQL>   ~~~~~~~~~~~~~~~~~~~~~~~~~~~~~~~~~~~~~~~~~~~~~~~~~~~~~~~~~~~~~~~~~~~~~~~~~~~~~~~~~~~~~~~~~ */
SQL> /* ~~~~~~~~~~~~~~~~~~~~~~~~~~~~~~~~~~~~~~~~~~~~~~~~~~~~~~~~~~~~~~~~~~~~~~~~~~~~~~~~~~~~~~~~~ */
SQL> 
SQL> connect system/oracle;
ERROR:
ORA-01017: invalid username/password; logon denied

Warning: You are no longer connected to ORACLE.
SQL> 
SQL> COLUMN	INSTANCE_NAME		FORMAT A6		HEADING 'Instance|name'
SQL> COLUMN	HOST_NAME		FORMAT A20		HEADING 'Host|name'
SQL> COLUMN	STARTUP			FORMAT A12		HEADING 'Startup|time'
SQL> COLUMN	DATABASE_STATUS		FORMAT A10		HEADING 'Database|status'
SQL> SELECT 	V$INSTANCE.INSTANCE_NAME, 
  2  	V$INSTANCE.HOST_NAME,
  3  	TO_CHAR(V$INSTANCE.STARTUP_TIME,'DD-MON-YYYY-HH:MM:SS') STARTUP,
  4  	V$INSTANCE.DATABASE_STATUS
  5  FROM	V$INSTANCE;
SP2-0640: Not connected
SQL> 
SQL> 
SQL> /* ~~~~~~~~~~~~~~~~~~~~~~~~~~~~~~~~~~~~~~~~~~~~~~~~~~~~~~~~~~~~~~~~~~~~~~~~~~~~~~~~~~~~~~~~~ */
SQL> /* ~~~~~~~~~~~~~~~~~~~~~~~~~~~~~~~~~~~~~~~~~~~~~~~~~~~~~~~~~~~~~~~~~~~~~~~~~~~~~~~~~~~~~~~~~
SQL>   Assignment 1
SQL>   Task 1
SQL>   Part 2
SQL>   ~~~~~~~~~~~~~~~~~~~~~~~~~~~~~~~~~~~~~~~~~~~~~~~~~~~~~~~~~~~~~~~~~~~~~~~~~~~~~~~~~~~~~~~~~ */
SQL> /* ~~~~~~~~~~~~~~~~~~~~~~~~~~~~~~~~~~~~~~~~~~~~~~~~~~~~~~~~~~~~~~~~~~~~~~~~~~~~~~~~~~~~~~~~~ */
SQL> 
SQL> connect tpchr/oracle;
Connected.
SQL> 
SQL> ANALYZE TABLE ORDERS COMPUTE STATISTICS;

Table analyzed.

SQL> ANALYZE TABLE REGION COMPUTE STATISTICS;

Table analyzed.

SQL> ANALYZE TABLE NATION COMPUTE STATISTICS;

Table analyzed.

SQL> ANALYZE TABLE PART COMPUTE STATISTICS;

Table analyzed.

SQL> ANALYZE TABLE SUPPLIER COMPUTE STATISTICS;

Table analyzed.

SQL> ANALYZE TABLE PARTSUPP COMPUTE STATISTICS;

Table analyzed.

SQL> ANALYZE TABLE CUSTOMER COMPUTE STATISTICS;

Table analyzed.

SQL> ANALYZE TABLE LINEITEM COMPUTE STATISTICS;

Table analyzed.

SQL> 
SQL> 
SQL> 
SQL> SELECT TABLE_NAME, TABLESPACE_NAME, AVG_ROW_LEN, NUM_FREELIST_BLOCKS, CHAIN_CNT, AVG_SPACE_FREELIST_BLOCKS
  2  FROM USER_TABLES
  3  WHERE TABLE_NAME = 'ORDERS';

TABLE_NAME                                                                                                                       TABLESPACE_NAME                AVG_ROW_LEN NUM_FREELIST_BLOCKS  CHAIN_CNT AVG_SPACE_FREELIST_BLOCKS
-------------------------------------------------------------------------------------------------------------------------------- ------------------------------ ----------- ------------------- ---------- -------------------------
ORDERS                                                                                                                           TPCHR                                  113                   0          0                         0

1 row selected. 

SQL> 
SQL> SELECT TABLE_NAME, TABLESPACE_NAME, AVG_ROW_LEN, NUM_FREELIST_BLOCKS, CHAIN_CNT, AVG_SPACE_FREELIST_BLOCKS
  2  FROM USER_TABLES
  3  WHERE TABLE_NAME = 'REGION';

TABLE_NAME                                                                                                                       TABLESPACE_NAME                AVG_ROW_LEN NUM_FREELIST_BLOCKS  CHAIN_CNT AVG_SPACE_FREELIST_BLOCKS
-------------------------------------------------------------------------------------------------------------------------------- ------------------------------ ----------- ------------------- ---------- -------------------------
REGION                                                                                                                           TPCHR                                  100                   0          0                         0

1 row selected. 

SQL> 
SQL> SELECT TABLE_NAME, TABLESPACE_NAME, AVG_ROW_LEN, NUM_FREELIST_BLOCKS, CHAIN_CNT, AVG_SPACE_FREELIST_BLOCKS
  2  FROM USER_TABLES
  3  WHERE TABLE_NAME = 'NATION';

TABLE_NAME                                                                                                                       TABLESPACE_NAME                AVG_ROW_LEN NUM_FREELIST_BLOCKS  CHAIN_CNT AVG_SPACE_FREELIST_BLOCKS
-------------------------------------------------------------------------------------------------------------------------------- ------------------------------ ----------- ------------------- ---------- -------------------------
NATION                                                                                                                           TPCHR                                  105                   0          0                         0

1 row selected. 

SQL> 
SQL> SELECT TABLE_NAME, TABLESPACE_NAME, AVG_ROW_LEN, NUM_FREELIST_BLOCKS, CHAIN_CNT, AVG_SPACE_FREELIST_BLOCKS
  2  FROM USER_TABLES
  3  WHERE TABLE_NAME = 'PART';

TABLE_NAME                                                                                                                       TABLESPACE_NAME                AVG_ROW_LEN NUM_FREELIST_BLOCKS  CHAIN_CNT AVG_SPACE_FREELIST_BLOCKS
-------------------------------------------------------------------------------------------------------------------------------- ------------------------------ ----------- ------------------- ---------- -------------------------
PART                                                                                                                             TPCHR                                  123                   0          0                         0

1 row selected. 

SQL> 
SQL> SELECT TABLE_NAME, TABLESPACE_NAME, AVG_ROW_LEN, NUM_FREELIST_BLOCKS, CHAIN_CNT, AVG_SPACE_FREELIST_BLOCKS
  2  FROM USER_TABLES
  3  WHERE TABLE_NAME = 'SUPPLIER';

TABLE_NAME                                                                                                                       TABLESPACE_NAME                AVG_ROW_LEN NUM_FREELIST_BLOCKS  CHAIN_CNT AVG_SPACE_FREELIST_BLOCKS
-------------------------------------------------------------------------------------------------------------------------------- ------------------------------ ----------- ------------------- ---------- -------------------------
SUPPLIER                                                                                                                         TPCHR                                  146                   0          0                         0

1 row selected. 

SQL> 
SQL> SELECT TABLE_NAME, TABLESPACE_NAME, AVG_ROW_LEN, NUM_FREELIST_BLOCKS, CHAIN_CNT, AVG_SPACE_FREELIST_BLOCKS
  2  FROM USER_TABLES
  3  WHERE TABLE_NAME = 'PARTSUPP';

TABLE_NAME                                                                                                                       TABLESPACE_NAME                AVG_ROW_LEN NUM_FREELIST_BLOCKS  CHAIN_CNT AVG_SPACE_FREELIST_BLOCKS
-------------------------------------------------------------------------------------------------------------------------------- ------------------------------ ----------- ------------------- ---------- -------------------------
PARTSUPP                                                                                                                         TPCHR                                  145                   0          0                         0

1 row selected. 

SQL> 
SQL> SELECT TABLE_NAME, TABLESPACE_NAME, AVG_ROW_LEN, NUM_FREELIST_BLOCKS, CHAIN_CNT, AVG_SPACE_FREELIST_BLOCKS
  2  FROM USER_TABLES
  3  WHERE TABLE_NAME = 'CUSTOMER';

TABLE_NAME                                                                                                                       TABLESPACE_NAME                AVG_ROW_LEN NUM_FREELIST_BLOCKS  CHAIN_CNT AVG_SPACE_FREELIST_BLOCKS
-------------------------------------------------------------------------------------------------------------------------------- ------------------------------ ----------- ------------------- ---------- -------------------------
CUSTOMER                                                                                                                         TPCHR                                  161                   0          0                         0

1 row selected. 

SQL> 
SQL> SELECT TABLE_NAME, TABLESPACE_NAME, AVG_ROW_LEN, NUM_FREELIST_BLOCKS, CHAIN_CNT, AVG_SPACE_FREELIST_BLOCKS
  2  FROM USER_TABLES
  3  WHERE TABLE_NAME = 'LINEITEM';

TABLE_NAME                                                                                                                       TABLESPACE_NAME                AVG_ROW_LEN NUM_FREELIST_BLOCKS  CHAIN_CNT AVG_SPACE_FREELIST_BLOCKS
-------------------------------------------------------------------------------------------------------------------------------- ------------------------------ ----------- ------------------- ---------- -------------------------
LINEITEM                                                                                                                         TPCHR                                  127                   0          0                         0

1 row selected. 

SQL> 
SQL> 
SQL> /* ~~~~~~~~~~~~~~~~~~~~~~~~~~~~~~~~~~~~~~~~~~~~~~~~~~~~~~~~~~~~~~~~~~~~~~~~~~~~~~~~~~~~~~~~~ */
SQL> /* ~~~~~~~~~~~~~~~~~~~~~~~~~~~~~~~~~~~~~~~~~~~~~~~~~~~~~~~~~~~~~~~~~~~~~~~~~~~~~~~~~~~~~~~~~
SQL>   Assignment 1
SQL>   Task 1
SQL>   Part 3
SQL>   ~~~~~~~~~~~~~~~~~~~~~~~~~~~~~~~~~~~~~~~~~~~~~~~~~~~~~~~~~~~~~~~~~~~~~~~~~~~~~~~~~~~~~~~~~ */
SQL> /* ~~~~~~~~~~~~~~~~~~~~~~~~~~~~~~~~~~~~~~~~~~~~~~~~~~~~~~~~~~~~~~~~~~~~~~~~~~~~~~~~~~~~~~~~~ */
SQL> connect sys/oracle as sysdba;
Connected.
SQL> 
SQL> SELECT SYSTIMESTAMP FROM DUAL;

SYSTIMESTAMP
--------------------------------------
21-JUL-22 07.29.29.887212000 AM -04:00

1 row selected. 

SQL> 
SQL> select a.segment_name, b.num_rows, a.blocks, a.extents, a.bytes
  2  from dba_segments a, dba_tables b
  3  where a.segment_name = b.table_name
  4  and b.table_name in ('PART', 'SUPPLIER', 'PARTSUPP', 'LINEITEM', 'ORDERS', 'CUSTOMER', 'NATION', 'REGION')
  5  and b.OWNER = 'TPCHR';

SEGMENT_NAME                                                                                                                       NUM_ROWS     BLOCKS    EXTENTS      BYTES
-------------------------------------------------------------------------------------------------------------------------------- ---------- ---------- ---------- ----------
REGION                                                                                                                                    5         32          1     262144
NATION                                                                                                                                   25         32          1     262144
PART                                                                                                                                  60000       1088         34    8912896
SUPPLIER                                                                                                                               3000         96          3     786432
PARTSUPP                                                                                                                             240000       5024        157   41156608
CUSTOMER                                                                                                                              45000       1056         33    8650752
ORDERS                                                                                                                               450000       7296        228   59768832
LINEITEM                                                                                                                            1800093      32576       1018  266862592

8 rows selected. 

SQL> 
SQL> SELECT ds.segment_name as index_name, ds.blocks as total_blocks, ds.extents as total_extents,
  2  ds.bytes as total_bytes from dba_segments ds where ds.owner = 'TPCHR' and ds.segment_type = 'INDEX';

INDEX_NAME                                                                                                                       TOTAL_BLOCKS TOTAL_EXTENTS TOTAL_BYTES
-------------------------------------------------------------------------------------------------------------------------------- ------------ ------------- -----------
REGION_PKEY                                                                                                                                32             1      262144
NATION_PKEY                                                                                                                                32             1      262144
PART_PEKEY                                                                                                                                160             5     1310720
SUPPLIER_PKEY                                                                                                                              32             1      262144
PARTSUPP_PKEY                                                                                                                             896            28     7340032
CUSTOMER_PKEY                                                                                                                             128             4     1048576
ORDERS_PKEY                                                                                                                               928            29     7602176
LINEITEM_PKEY                                                                                                                            4256           133    34865152

8 rows selected. 

SQL> SPOOL OFF
